[www.paypal.com/uk/home.html]
[www.paypalobjects.com/webcaptcha/ngrlCaptcha.min.js]
[backblue.gif]
[fade.gif]
[index.html]
[www.paypalobjects.com/webstatic/icon/pp144.png]
[www.paypalobjects.com/webstatic/icon/pp114.png]
[www.paypalobjects.com/webstatic/icon/pp72.png]
[www.paypalobjects.com/webstatic/icon/pp64.png]
[www.paypalobjects.com/webstatic/icon/pp196.png]
[www.paypalobjects.com/webstatic/icon/pp32.png]
[www.paypalobjects.com/marketing-resources/css/18/966fcd30231de8357df487153930c769dfff2d.css]
[www.paypalobjects.com/marketing/web/us/en/home/covid-icon.png]
[www.paypalobjects.com/marketing-resources/vendors/react-17_0_1-bundle.js]
[www.paypalobjects.com/marketing-resources/js/47/08d40540f3f64e8dc32052e830802fbdf30066.js]
[www.paypalobjects.com/pa/js/min/pa.js]
[www.paypalobjects.com/helpcenter/smartchat/sales/v1/open-chat.js]
[www.paypalobjects.com/activation/js/marketingIntentsV2.js]
[www.paypal.com/uk/home.html]
[www.paypalobjects.com/webstatic/en_US/mktg/wright/merchant/businesshomepage_telicon_1x.png]
[www.paypalobjects.com/marketing-resources/css/18/966fcd30231de8357df487153930c769dfff2d.css]
[www.paypal.com/uk/webapps/mpp/home.html]
[www.paypal.com/uk/webapps/mpp/how-paypal-works.html]
[www.paypal.com/uk/webapps/mpp/pay-online.html]
[www.paypal.com/uk/for-you/transfer-money/send-money.html]
[www.paypal.com/uk/webapps/mpp/mobile-apps/paypal-app.html]
[www.paypal.com/uk/webapps/mpp/paypal-virtual-credit.html]
[www.paypal.com/uk/webapps/mpp/offers.html]
[www.paypal.com/uk/webapps/mpp/paypal-payin3.html]
[www.paypal.com/uk/webapps/mpp/start-selling.html]
[www.paypal.com/uk/webapps/mpp/crypto.html]
[www.paypal.com/uk/webapps/mpp/spendsmarter/spend-smarter-guide.html]
[www.paypal.com/uk/business.html]
[www.paypal.com/uk/business/getting-started.html]
[www.paypal.com/uk/business/accept-payments.html]
[www.paypal.com/uk/business/make-payments.html]
[www.paypal.com/uk/business/manage-risk.html]
[www.paypal.com/uk/business/accelerate-growth.html]
[www.paypal.com/uk/business/streamline-operations.html]
[www.paypal.com/uk/enterprise.html]
[www.paypal.com/uk/business/platforms-and-marketplaces.html]
[www.paypal.com/uk/enterprise/platform.html]
[www.paypal.com/uk/enterprise/accept-payments.html]
[www.paypal.com/uk/enterprise/make-payments.html]
[www.paypal.com/uk/enterprise/manage-risk.html]
[www.paypal.com/uk/enterprise/accelerate-growth.html]
[www.paypal.com/uk/enterprise/streamline-operations.html]
[www.paypal.com/uk/webapps/mpp/merchant-fees.html]
[www.paypal.com/uk/brc.html]
[www.paypal.com/uk/webapps/mpp/not-for-profit-2.html]
[www.paypal.com/uk/business/buy-now-pay-later.html]
[www.paypal.com/uk/smarthelp/home.html]
[www.paypal.com/uk/webapps/mpp/account-selection.html]
[www.paypal.com/uk/webapps/mpp/merchant.html]
[www.paypal.com/uk/webapps/mpp/qrcode.html]
[www.paypal.com/uk/webapps/mpp/adapt-your-business.html]
[www.paypal.com/uk/smarthelp/contact-us.html]
[www.paypal.com/uk/webapps/mpp/paypal-fees.html]
[www.paypal.com/uk/webapps/mpp/paypal-safety-and-security.html]
[www.paypal.com/uk/brc/index.html]
[www.paypal.com/uk/webapps/mpp/about.html]
[www.paypal.com/uk/webapps/mpp/jobs.html]
[www.paypal.com/uk/webapps/mpp/full-sitemap.html]
[www.paypal.com/uk/webapps/mpp/partner-programme.html]
[www.paypal.com/uk/webapps/mpp/accessibility.html]
[www.paypal.com/uk/webapps/mpp/ua/legalhub-full.html]
[www.paypal.com/uk/smarthelp/complaints.html]
[www.paypal.com/uk/GET.html]
[www.paypal.com/auth/createchallenge/2b4c79fde4aaa105/recaptchav374a6.html]
